[html.awaikenthemes.com/inclub/index.html]
[backblue.gif]
[fade.gif]
[index.html]
[html.awaikenthemes.com/inclub/images/favicon.png]
[fonts.googleapis.com/index.html]
[html.awaikenthemes.com/inclub/css/bootstrap.min.css]
[html.awaikenthemes.com/inclub/css/slicknav.min.css]
[html.awaikenthemes.com/inclub/css/swiper-bundle.min.css]
[html.awaikenthemes.com/inclub/css/all.min.css]
[html.awaikenthemes.com/inclub/css/animate.css]
[html.awaikenthemes.com/inclub/css/magnific-popup.css]
[html.awaikenthemes.com/inclub/css/mousecursor.css]
[html.awaikenthemes.com/inclub/css/custom.css]
[html.awaikenthemes.com/inclub/images/loader.svg]
[html.awaikenthemes.com/inclub/images/logo.svg]
[html.awaikenthemes.com/inclub/index-2.html]
[html.awaikenthemes.com/inclub/index-video.html]
[html.awaikenthemes.com/inclub/index-slider.html]
[html.awaikenthemes.com/inclub/about.html]
[html.awaikenthemes.com/inclub/amenities.html]
[html.awaikenthemes.com/inclub/projects.html]
[html.awaikenthemes.com/inclub/amenities-single.html]
[html.awaikenthemes.com/inclub/project-single.html]
[html.awaikenthemes.com/inclub/blog.html]
[html.awaikenthemes.com/inclub/blog-single.html]
[html.awaikenthemes.com/inclub/team.html]
[html.awaikenthemes.com/inclub/team-single.html]
[html.awaikenthemes.com/inclub/image-gallery.html]
[html.awaikenthemes.com/inclub/video-gallery.html]
[html.awaikenthemes.com/inclub/faqs.html]
[html.awaikenthemes.com/inclub/404.html]
[html.awaikenthemes.com/inclub/contact.html]
[html.awaikenthemes.com/inclub/images/icon-white-phone.svg]
[html.awaikenthemes.com/inclub/images/about-img-1.jpg]
[html.awaikenthemes.com/inclub/images/about-img-2.jpg]
[html.awaikenthemes.com/inclub/images/about-img-3.jpg]
[html.awaikenthemes.com/inclub/images/icon-about-detail-1.svg]
[html.awaikenthemes.com/inclub/images/icon-about-detail-2.svg]
[html.awaikenthemes.com/inclub/images/icon-accent-phone.svg]
[html.awaikenthemes.com/inclub/images/apartments-2.jpg]
[html.awaikenthemes.com/inclub/images/apartments-3.jpg]
[html.awaikenthemes.com/inclub/images/apartments-4.jpg]
[html.awaikenthemes.com/inclub/images/property-tab-img.png]
[html.awaikenthemes.com/inclub/images/icon-property-type-1.svg]
[html.awaikenthemes.com/inclub/images/icon-property-type-2.svg]
[html.awaikenthemes.com/inclub/images/icon-property-type-3.svg]
[html.awaikenthemes.com/inclub/images/icon-property-type-4.svg]
[html.awaikenthemes.com/inclub/images/icon-features-1.svg]
[html.awaikenthemes.com/inclub/images/icon-features-2.svg]
[html.awaikenthemes.com/inclub/images/icon-features-3.svg]
[html.awaikenthemes.com/inclub/images/icon-features-4.svg]
[html.awaikenthemes.com/inclub/images/icon-features-5.svg]
[html.awaikenthemes.com/inclub/images/icon-features-6.svg]
[html.awaikenthemes.com/inclub/images/icon-amenities-1.svg]
[html.awaikenthemes.com/inclub/images/icon-amenities-2.svg]
[html.awaikenthemes.com/inclub/images/icon-amenities-3.svg]
[html.awaikenthemes.com/inclub/images/icon-amenities-4.svg]
[html.awaikenthemes.com/inclub/images/icon-amenities-5.svg]
[html.awaikenthemes.com/inclub/images/icon-amenities-6.svg]
[html.awaikenthemes.com/inclub/images/experience-img.png]
[html.awaikenthemes.com/inclub/images/icon-experience-1.svg]
[html.awaikenthemes.com/inclub/images/icon-experience-2.svg]
[html.awaikenthemes.com/inclub/images/icon-experience-3.svg]
[html.awaikenthemes.com/inclub/images/icon-experience-4.svg]
[html.awaikenthemes.com/inclub/images/team-1.jpg]
[html.awaikenthemes.com/inclub/images/arrow-white.svg]
[html.awaikenthemes.com/inclub/images/team-2.jpg]
[html.awaikenthemes.com/inclub/images/team-3.jpg]
[html.awaikenthemes.com/inclub/images/team-4.jpg]
[html.awaikenthemes.com/inclub/images/author-1.jpg]
[html.awaikenthemes.com/inclub/images/author-2.jpg]
[html.awaikenthemes.com/inclub/images/post-2.jpg]
[html.awaikenthemes.com/inclub/images/post-3.jpg]
[html.awaikenthemes.com/inclub/images/footer-logo.svg]
[html.awaikenthemes.com/inclub/js/jquery-3.7.1.min.js]
[html.awaikenthemes.com/inclub/js/bootstrap.min.js]
[html.awaikenthemes.com/inclub/js/validator.min.js]
[html.awaikenthemes.com/inclub/js/jquery.slicknav.js]
[html.awaikenthemes.com/inclub/js/swiper-bundle.min.js]
[html.awaikenthemes.com/inclub/js/jquery.waypoints.min.js]
[html.awaikenthemes.com/inclub/js/jquery.counterup.min.js]
[html.awaikenthemes.com/inclub/js/jquery.magnific-popup.min.js]
[html.awaikenthemes.com/inclub/js/SmoothScroll.js]
[html.awaikenthemes.com/inclub/js/parallaxie.js]
[html.awaikenthemes.com/inclub/js/gsap.min.js]
[html.awaikenthemes.com/inclub/js/magiccursor.js]
[html.awaikenthemes.com/inclub/js/SplitText.js]
[html.awaikenthemes.com/inclub/js/ScrollTrigger.min.js]
[html.awaikenthemes.com/inclub/js/jquery.mb.YTPlayer.min.js]
[html.awaikenthemes.com/inclub/js/wow.min.js]
[html.awaikenthemes.com/inclub/index.html]
[html.awaikenthemes.com/inclub/js/function.js]
[fonts.googleapis.com/index.html]
[fonts.gstatic.com/index.html]
[fonts.googleapis.com/css2f894.css]
[html.awaikenthemes.com/inclub/index-2.html]
[html.awaikenthemes.com/inclub/index-video.html]
[html.awaikenthemes.com/inclub/images/hero-bg.jpg]
[html.awaikenthemes.com/inclub/images/hero-bg-2.jpg]
[html.awaikenthemes.com/inclub/index-slider.html]
[html.awaikenthemes.com/inclub/images/vision-mission-img.jpg]
[html.awaikenthemes.com/inclub/images/why-choose-img-1.jpg]
[html.awaikenthemes.com/inclub/images/why-choose-img-2.jpg]
[html.awaikenthemes.com/inclub/images/why-choose-img-icon.svg]
[html.awaikenthemes.com/inclub/images/icon-why-choose-1.svg]
[html.awaikenthemes.com/inclub/images/icon-why-choose-2.svg]
[html.awaikenthemes.com/inclub/images/icon-why-choose-3.svg]
[html.awaikenthemes.com/inclub/images/icon-why-choose-4.svg]
[html.awaikenthemes.com/inclub/images/cta-img.png]
[html.awaikenthemes.com/inclub/about.html]
[html.awaikenthemes.com/inclub/images/amenities-1.jpg]
[html.awaikenthemes.com/inclub/images/amenities-2.jpg]
[html.awaikenthemes.com/inclub/images/amenities-3.jpg]
[html.awaikenthemes.com/inclub/images/amenities-4.jpg]
[html.awaikenthemes.com/inclub/images/amenities-5.jpg]
[html.awaikenthemes.com/inclub/images/amenities-6.jpg]
[html.awaikenthemes.com/inclub/amenities.html]
[html.awaikenthemes.com/inclub/images/project-1.jpg]
[html.awaikenthemes.com/inclub/images/project-2.jpg]
[html.awaikenthemes.com/inclub/images/project-3.jpg]
[html.awaikenthemes.com/inclub/images/project-4.jpg]
[html.awaikenthemes.com/inclub/images/project-5.jpg]
[html.awaikenthemes.com/inclub/images/project-6.jpg]
[html.awaikenthemes.com/inclub/images/project-7.jpg]
[html.awaikenthemes.com/inclub/images/project-8.jpg]
[html.awaikenthemes.com/inclub/images/project-9.jpg]
[html.awaikenthemes.com/inclub/projects.html]
[html.awaikenthemes.com/inclub/images/cta-client-img-1.jpg]
[html.awaikenthemes.com/inclub/images/cta-client-img-2.jpg]
[html.awaikenthemes.com/inclub/images/cta-client-img-3.jpg]
[html.awaikenthemes.com/inclub/images/cta-client-img-4.jpg]
[html.awaikenthemes.com/inclub/images/icon-phone-accent.svg]
[html.awaikenthemes.com/inclub/images/icon-email-accent.svg]
[html.awaikenthemes.com/inclub/images/icon-amenities-entry-1.svg]
[html.awaikenthemes.com/inclub/images/icon-amenities-entry-2.svg]
[html.awaikenthemes.com/inclub/amenities-single.html]
[html.awaikenthemes.com/inclub/images/icon-amenities-entry-3.svg]
[html.awaikenthemes.com/inclub/images/project-entry-video-img.jpg]
[html.awaikenthemes.com/inclub/project-single.html]
[html.awaikenthemes.com/inclub/images/post-4.jpg]
[html.awaikenthemes.com/inclub/images/post-5.jpg]
[html.awaikenthemes.com/inclub/images/post-6.jpg]
[html.awaikenthemes.com/inclub/blog.html]
[html.awaikenthemes.com/inclub/blog-single.html]
[html.awaikenthemes.com/inclub/images/team-5.jpg]
[html.awaikenthemes.com/inclub/images/team-6.jpg]
[html.awaikenthemes.com/inclub/images/team-7.jpg]
[html.awaikenthemes.com/inclub/images/team-8.jpg]
[html.awaikenthemes.com/inclub/team.html]
[html.awaikenthemes.com/inclub/team-single.html]
[html.awaikenthemes.com/inclub/images/gallery-1.jpg]
[html.awaikenthemes.com/inclub/images/gallery-2.jpg]
[html.awaikenthemes.com/inclub/images/gallery-3.jpg]
[html.awaikenthemes.com/inclub/images/gallery-4.jpg]
[html.awaikenthemes.com/inclub/images/gallery-5.jpg]
[html.awaikenthemes.com/inclub/images/gallery-6.jpg]
[html.awaikenthemes.com/inclub/images/gallery-7.jpg]
[html.awaikenthemes.com/inclub/images/gallery-8.jpg]
[html.awaikenthemes.com/inclub/images/gallery-9.jpg]
[html.awaikenthemes.com/inclub/image-gallery.html]
[html.awaikenthemes.com/inclub/images/video-gallery-img-1.jpg]
[html.awaikenthemes.com/inclub/images/video-gallery-img-2.jpg]
[html.awaikenthemes.com/inclub/images/video-gallery-img-3.jpg]
[html.awaikenthemes.com/inclub/images/video-gallery-img-4.jpg]
[html.awaikenthemes.com/inclub/images/video-gallery-img-5.jpg]
[html.awaikenthemes.com/inclub/images/video-gallery-img-6.jpg]
[html.awaikenthemes.com/inclub/images/video-gallery-img-7.jpg]
[html.awaikenthemes.com/inclub/images/video-gallery-img-8.jpg]
[html.awaikenthemes.com/inclub/images/video-gallery-img-9.jpg]
[html.awaikenthemes.com/inclub/video-gallery.html]
[html.awaikenthemes.com/inclub/faqs.html]
[html.awaikenthemes.com/inclub/images/404-error-img.png]
[html.awaikenthemes.com/inclub/404.html]
[html.awaikenthemes.com/inclub/images/icon-location.svg]
[html.awaikenthemes.com/inclub/images/icon-phone.svg]
[html.awaikenthemes.com/inclub/contact.html]
[html.awaikenthemes.com/inclub/images/icon-email.svg]
[html.awaikenthemes.com/inclub/css/bootstrap.min.css]
[html.awaikenthemes.com/inclub/css/slicknav.min.css]
[html.awaikenthemes.com/inclub/css/swiper-bundle.min.css]
[html.awaikenthemes.com/inclub/webfonts/fa-brands-400.woff2]
[html.awaikenthemes.com/inclub/webfonts/fa-brands-400.ttf]
[html.awaikenthemes.com/inclub/webfonts/fa-regular-400.woff2]
[html.awaikenthemes.com/inclub/webfonts/fa-regular-400.ttf]
[html.awaikenthemes.com/inclub/webfonts/fa-solid-900.woff2]
[html.awaikenthemes.com/inclub/webfonts/fa-solid-900.ttf]
[html.awaikenthemes.com/inclub/webfonts/fa-v4compatibility.woff2]
[html.awaikenthemes.com/inclub/webfonts/fa-v4compatibility.ttf]
[html.awaikenthemes.com/inclub/css/all.min.css]
[html.awaikenthemes.com/inclub/css/animate.css]
[html.awaikenthemes.com/inclub/css/magnific-popup.css]
[html.awaikenthemes.com/inclub/css/mousecursor.css]
[html.awaikenthemes.com/inclub/images/icon-sub-heading.svg]
[html.awaikenthemes.com/inclub/images/icon-sub-heading-dark.svg]
[html.awaikenthemes.com/inclub/images/section-bg.png]
[html.awaikenthemes.com/inclub/images/property-bg-shape.svg]
[html.awaikenthemes.com/inclub/images/experience-img-bg.png]
[html.awaikenthemes.com/inclub/images/intro-video-bg.jpg]
[html.awaikenthemes.com/inclub/images/footer-bg-img.svg]
[html.awaikenthemes.com/inclub/images/page-header-bg.jpg]
[html.awaikenthemes.com/inclub/css/custom.css]
[html.awaikenthemes.com/inclub/images/loader.svg]
[html.awaikenthemes.com/inclub/images/logo.svg]
[html.awaikenthemes.com/inclub/images/icon-white-phone.svg]
[html.awaikenthemes.com/inclub/images/icon-about-detail-1.svg]
[html.awaikenthemes.com/inclub/images/icon-about-detail-2.svg]
[html.awaikenthemes.com/inclub/images/icon-accent-phone.svg]
[html.awaikenthemes.com/inclub/images/apartments-1.jpg]
[html.awaikenthemes.com/inclub/images/about-img-2.jpg]
[html.awaikenthemes.com/inclub/images/icon-blockquote.svg]
[html.awaikenthemes.com/inclub/images/icon-property-type-1.svg]
[html.awaikenthemes.com/inclub/images/icon-property-type-2.svg]
[html.awaikenthemes.com/inclub/images/icon-property-type-3.svg]
[html.awaikenthemes.com/inclub/images/icon-property-type-4.svg]
[html.awaikenthemes.com/inclub/images/icon-features-1.svg]
[html.awaikenthemes.com/inclub/images/icon-features-2.svg]
[html.awaikenthemes.com/inclub/images/icon-features-3.svg]
[html.awaikenthemes.com/inclub/images/icon-features-4.svg]
[html.awaikenthemes.com/inclub/images/icon-features-5.svg]
[html.awaikenthemes.com/inclub/images/icon-features-6.svg]
[html.awaikenthemes.com/inclub/images/icon-amenities-1.svg]
[html.awaikenthemes.com/inclub/images/icon-amenities-2.svg]
[html.awaikenthemes.com/inclub/images/icon-amenities-3.svg]
[html.awaikenthemes.com/inclub/images/icon-amenities-4.svg]
[html.awaikenthemes.com/inclub/images/icon-amenities-5.svg]
[html.awaikenthemes.com/inclub/images/icon-amenities-6.svg]
[html.awaikenthemes.com/inclub/images/icon-experience-1.svg]
[html.awaikenthemes.com/inclub/images/icon-experience-2.svg]
[html.awaikenthemes.com/inclub/images/icon-experience-3.svg]
[html.awaikenthemes.com/inclub/images/icon-experience-4.svg]
[html.awaikenthemes.com/inclub/images/arrow-white.svg]
[html.awaikenthemes.com/inclub/images/our-faq-img.jpg]
[html.awaikenthemes.com/inclub/images/post-1.jpg]
[html.awaikenthemes.com/inclub/images/footer-logo.svg]
[html.awaikenthemes.com/inclub/images/why-choose-img-icon.svg]
[html.awaikenthemes.com/inclub/images/icon-why-choose-1.svg]
[html.awaikenthemes.com/inclub/images/icon-why-choose-2.svg]
[html.awaikenthemes.com/inclub/images/icon-why-choose-3.svg]
[html.awaikenthemes.com/inclub/images/icon-why-choose-4.svg]
[html.awaikenthemes.com/inclub/images/icon-phone-accent.svg]
[html.awaikenthemes.com/inclub/images/icon-email-accent.svg]
[html.awaikenthemes.com/inclub/images/icon-amenities-entry-1.svg]
[html.awaikenthemes.com/inclub/images/icon-amenities-entry-2.svg]
[html.awaikenthemes.com/inclub/images/icon-amenities-entry-3.svg]
[html.awaikenthemes.com/inclub/images/icon-location.svg]
[html.awaikenthemes.com/inclub/images/icon-phone.svg]
[html.awaikenthemes.com/inclub/images/icon-email.svg]
[html.awaikenthemes.com/inclub/images/icon-sub-heading.svg]
[html.awaikenthemes.com/inclub/images/icon-sub-heading-dark.svg]
[html.awaikenthemes.com/inclub/images/hero-bg-2.jpg]
[html.awaikenthemes.com/inclub/images/property-bg-shape.svg]
[html.awaikenthemes.com/inclub/images/our-features-bg.png]
[html.awaikenthemes.com/inclub/images/about-us-bg.svg]
[html.awaikenthemes.com/inclub/images/footer-bg-img.svg]
[html.awaikenthemes.com/inclub/images/icon-blockquote.svg]
[html.awaikenthemes.com/inclub/images/arrow-accent.svg]
[html.awaikenthemes.com/inclub/images/arrow-accent.svg]
[html.awaikenthemes.com/inclub/images/arrow-primary.svg]
[html.awaikenthemes.com/inclub/images/arrow-primary.svg]
[html.awaikenthemes.com/inclub/images/about-us-bg.svg]
